retirement-planner: interaction passed
fire-calculator: interaction passed
cpp-calculator: interaction passed
rrsp-vs-tfsa-calculator: interaction passed
compound-interest-calculator: interaction passed
savings-goal-calculator: interaction passed
emergency-fund-calculator: interaction passed
net-worth-calculator: interaction passed
budget-planner: interaction passed
take-home-pay-calculator: interaction passed
debt-payoff-calculator: interaction passed
credit-card-interest-calculator: interaction passed
loan-calculator: interaction passed
house-affordability-calculator: interaction passed
rent-vs-buy-calculator: interaction passed
mortgage-paydown-vs-invest-calculator: interaction passed
investment-fee-calculator: interaction passed
mortgage-calculator: interaction passed
canadian-tax-checklist: interaction passed
travel-planner: interaction passed
debt-to-income-ratio-calculator: interaction passed
contractor-effective-hourly-rate-calculator: interaction passed
22/22 fixtures passed; zero page errors and failed local requests.
